#-----------------------------------------------------------
# xsim v2024.2 (64-bit)
# SW Build 5239630 on Fri Nov 08 22:34:34 MST 2024
# IP Build 5239520 on Sun Nov 10 16:12:51 MST 2024
# SharedData Build 5239561 on Fri Nov 08 14:39:27 MST 2024
# Start of session at: Tue Feb 17 23:13:31 2026
# Process ID         : 57135
# Current directory  : /home/elias/Documents/2_Semester/ACF/Project/ACF_project/Demo/sim
# Command line       : xsim -mode tcl -source {xsim.dir/Hello_World_tb_snapshot/xsim_script.tcl}
# Log file           : /home/elias/Documents/2_Semester/ACF/Project/ACF_project/Demo/sim/xsim.log
# Journal file       : /home/elias/Documents/2_Semester/ACF/Project/ACF_project/Demo/sim/xsim.jou
# Running On         : elias-ThinkPad-E14-Gen-6
# Platform           : Ubuntu
# Operating System   : Ubuntu 24.04.3 LTS
# Processor Detail   : AMD Ryzen 7 7735HS with Radeon Graphics
# CPU Frequency      : 2060.209 MHz
# CPU Physical cores : 8
# CPU Logical cores  : 16
# Host memory        : 32340 MB
# Swap memory        : 8589 MB
# Total Virtual      : 40930 MB
# Available Virtual  : 35512 MB
#-----------------------------------------------------------
source xsim.dir/Hello_World_tb_snapshot/xsim_script.tcl
# xsim {Hello_World_tb_snapshot} -autoloadwcfg -runall
Time resolution is 1 ps
run -all
Button not pressed, value = 0
Test button not pressed, value = 0
Button pressed value = 1
Test button pressed, value = 1
$finish called at time : 2000100 ns : File "/home/elias/Documents/2_Semester/ACF/Project/ACF_project/Demo/src/Hello_World_tb.v" Line 56
exit
INFO: [Common 17-206] Exiting xsim at Tue Feb 17 23:13:34 2026...
